[ 2024-08-04 22:06:28,022] 187 werkzeug - WARNING -  * Debugger is active!
[ 2024-08-04 22:06:28,022] 187 werkzeug - INFO -  * Debugger PIN: 369-540-303
[ 2024-08-04 22:06:30,452] 187 werkzeug - INFO - 127.0.0.1 - - [04/Aug/2024 22:06:30] "GET / HTTP/1.1" 200 -
[ 2024-08-04 22:07:21,420] 187 werkzeug - INFO - 127.0.0.1 - - [04/Aug/2024 22:07:21] "[32mPOST / HTTP/1.1[0m" 302 -
[ 2024-08-04 22:07:21,493] 187 werkzeug - INFO - 127.0.0.1 - - [04/Aug/2024 22:07:21] "GET /voiceservice.html HTTP/1.1" 200 -
[ 2024-08-04 22:07:49,740] 21 root - INFO - starting........
[ 2024-08-04 22:07:53,885] 36 root - INFO - Translating...
[ 2024-08-04 22:07:56,881] 38 root - INFO - Translating to English...
[ 2024-08-04 22:08:00,025] 21 root - INFO - starting........
[ 2024-08-04 22:08:04,194] 36 root - INFO - Translating...
[ 2024-08-04 22:08:05,305] 38 root - INFO - Translating to English...
[ 2024-08-04 22:08:09,402] 21 root - INFO - starting........
[ 2024-08-04 22:08:13,542] 36 root - INFO - Translating...
[ 2024-08-04 22:08:15,108] 38 root - INFO - Translating to English...
[ 2024-08-04 22:08:17,248] 21 root - INFO - starting........
[ 2024-08-04 22:08:21,402] 36 root - INFO - Translating...
[ 2024-08-04 22:08:24,187] 38 root - INFO - Translating to English...
[ 2024-08-04 22:09:52,016] 21 root - INFO - starting........
[ 2024-08-04 22:09:55,167] 36 root - INFO - Translating...
[ 2024-08-04 22:09:56,357] 38 root - INFO - Translating to English...
[ 2024-08-04 22:10:33,872] 21 root - INFO - starting........
[ 2024-08-04 22:10:38,020] 36 root - INFO - Translating...
[ 2024-08-04 22:10:39,285] 38 root - INFO - Translating to English...
[ 2024-08-04 22:10:42,059] 15 root - INFO - starting........
[ 2024-08-04 22:10:46,210] 30 root - INFO - Translating...
[ 2024-08-04 22:10:47,545] 32 root - INFO - Translating to English...
[ 2024-08-04 22:10:50,349] 15 root - INFO - starting........
[ 2024-08-04 22:10:54,493] 30 root - INFO - Translating...
[ 2024-08-04 22:10:55,604] 32 root - INFO - Translating to English...
[ 2024-08-04 22:11:01,609] 15 root - INFO - starting........
[ 2024-08-04 22:11:05,799] 30 root - INFO - Translating...
[ 2024-08-04 22:11:10,112] 32 root - INFO - Translating to English...
[ 2024-08-04 22:11:13,436] 15 root - INFO - starting........
[ 2024-08-04 22:11:17,590] 30 root - INFO - Translating...
[ 2024-08-04 22:11:19,123] 32 root - INFO - Translating to English...
[ 2024-08-04 22:11:33,965] 187 werkzeug - INFO - 127.0.0.1 - - [04/Aug/2024 22:11:33] "[32mPOST /voiceservice.html HTTP/1.1[0m" 302 -
[ 2024-08-04 22:11:33,985] 187 werkzeug - INFO - 127.0.0.1 - - [04/Aug/2024 22:11:33] "GET /thanks.html HTTP/1.1" 200 -
