[ 2024-08-05 08:48:44,979] 187 werkzeug - INFO - [31m[1mWARNING: This is a development server. Do not use it in a production deployment. Use a production WSGI server instead.[0m
 * Running on all addresses (0.0.0.0)
 * Running on http://127.0.0.1:5000
 * Running on http://192.168.166.241:5000
[ 2024-08-05 08:48:44,979] 187 werkzeug - INFO - [33mPress CTRL+C to quit[0m
[ 2024-08-05 08:48:49,965] 187 werkzeug - INFO - 127.0.0.1 - - [05/Aug/2024 08:48:49] "GET /voiceservice.html HTTP/1.1" 200 -
[ 2024-08-05 08:49:13,176] 21 root - INFO - starting........
[ 2024-08-05 08:49:17,303] 36 root - INFO - Translating...
[ 2024-08-05 08:49:18,726] 38 root - INFO - Translating to English...
[ 2024-08-05 08:49:21,528] 21 root - INFO - starting........
[ 2024-08-05 08:49:25,640] 36 root - INFO - Translating...
[ 2024-08-05 08:49:27,048] 38 root - INFO - Translating to English...
[ 2024-08-05 08:49:30,550] 21 root - INFO - starting........
[ 2024-08-05 08:49:34,667] 36 root - INFO - Translating...
[ 2024-08-05 08:49:36,033] 38 root - INFO - Translating to English...
[ 2024-08-05 08:49:41,079] 21 root - INFO - starting........
[ 2024-08-05 08:49:45,196] 36 root - INFO - Translating...
[ 2024-08-05 08:49:46,567] 38 root - INFO - Translating to English...
[ 2024-08-05 08:51:07,422] 21 root - INFO - starting........
[ 2024-08-05 08:51:10,540] 36 root - INFO - Translating...
[ 2024-08-05 08:51:11,849] 38 root - INFO - Translating to English...
[ 2024-08-05 08:51:40,867] 21 root - INFO - starting........
[ 2024-08-05 08:51:44,991] 36 root - INFO - Translating...
[ 2024-08-05 08:51:46,567] 38 root - INFO - Translating to English...
[ 2024-08-05 08:51:50,470] 21 root - INFO - starting........
[ 2024-08-05 08:51:54,589] 36 root - INFO - Translating...
[ 2024-08-05 08:51:56,166] 38 root - INFO - Translating to English...
[ 2024-08-05 08:51:58,922] 15 root - INFO - starting........
[ 2024-08-05 08:52:03,079] 30 root - INFO - Translating...
[ 2024-08-05 08:52:04,653] 32 root - INFO - Translating to English...
[ 2024-08-05 08:52:07,769] 15 root - INFO - starting........
[ 2024-08-05 08:52:11,887] 30 root - INFO - Translating...
[ 2024-08-05 08:52:13,290] 32 root - INFO - Translating to English...
[ 2024-08-05 08:52:18,325] 15 root - INFO - starting........
[ 2024-08-05 08:52:22,444] 30 root - INFO - Translating...
[ 2024-08-05 08:52:24,167] 32 root - INFO - Translating to English...
[ 2024-08-05 08:52:27,673] 15 root - INFO - starting........
[ 2024-08-05 08:52:31,792] 30 root - INFO - Translating...
[ 2024-08-05 08:52:33,289] 32 root - INFO - Translating to English...
[ 2024-08-05 08:52:48,780] 187 werkzeug - INFO - 127.0.0.1 - - [05/Aug/2024 08:52:48] "[32mPOST /voiceservice.html HTTP/1.1[0m" 302 -
[ 2024-08-05 08:52:48,791] 187 werkzeug - INFO - 127.0.0.1 - - [05/Aug/2024 08:52:48] "GET /thanks.html HTTP/1.1" 200 -
