[ 2024-08-05 00:38:08,731] 187 werkzeug - INFO - [31m[1mWARNING: This is a development server. Do not use it in a production deployment. Use a production WSGI server instead.[0m
 * Running on all addresses (0.0.0.0)
 * Running on http://127.0.0.1:5000
 * Running on http://192.168.166.241:5000
[ 2024-08-05 00:38:08,732] 187 werkzeug - INFO - [33mPress CTRL+C to quit[0m
[ 2024-08-05 00:38:13,295] 187 werkzeug - INFO - 127.0.0.1 - - [05/Aug/2024 00:38:13] "GET / HTTP/1.1" 200 -
[ 2024-08-05 00:38:15,501] 187 werkzeug - INFO - 127.0.0.1 - - [05/Aug/2024 00:38:15] "GET /voiceservice.html HTTP/1.1" 200 -
[ 2024-08-05 00:38:36,076] 21 root - INFO - starting........
[ 2024-08-05 00:38:40,209] 36 root - INFO - Translating...
[ 2024-08-05 00:38:41,423] 38 root - INFO - Translating to English...
[ 2024-08-05 00:38:44,057] 21 root - INFO - starting........
[ 2024-08-05 00:38:48,170] 36 root - INFO - Translating...
[ 2024-08-05 00:38:49,646] 38 root - INFO - Translating to English...
[ 2024-08-05 00:38:53,348] 21 root - INFO - starting........
[ 2024-08-05 00:38:57,465] 36 root - INFO - Translating...
[ 2024-08-05 00:38:58,610] 38 root - INFO - Translating to English...
[ 2024-08-05 00:39:00,601] 21 root - INFO - starting........
[ 2024-08-05 00:39:04,718] 36 root - INFO - Translating...
[ 2024-08-05 00:39:05,908] 38 root - INFO - Translating to English...
[ 2024-08-05 00:40:29,189] 21 root - INFO - starting........
[ 2024-08-05 00:40:32,312] 36 root - INFO - Translating...
[ 2024-08-05 00:40:33,266] 43 root - INFO - Sorry, could not understand audio.
[ 2024-08-05 00:41:08,112] 21 root - INFO - starting........
[ 2024-08-05 00:41:11,229] 36 root - INFO - Translating...
[ 2024-08-05 00:41:12,229] 43 root - INFO - Sorry, could not understand audio.
[ 2024-08-05 00:42:17,058] 21 root - INFO - starting........
[ 2024-08-05 00:42:20,173] 36 root - INFO - Translating...
[ 2024-08-05 00:42:22,470] 43 root - INFO - Sorry, could not understand audio.
[ 2024-08-05 00:43:38,540] 21 root - INFO - starting........
[ 2024-08-05 00:43:41,706] 36 root - INFO - Translating...
[ 2024-08-05 00:43:42,654] 43 root - INFO - Sorry, could not understand audio.
[ 2024-08-05 00:44:53,303] 21 root - INFO - starting........
[ 2024-08-05 00:44:56,421] 36 root - INFO - Translating...
[ 2024-08-05 00:44:57,338] 43 root - INFO - Sorry, could not understand audio.
