[ 2024-08-04 21:54:25,342] 187 werkzeug - WARNING -  * Debugger is active!
[ 2024-08-04 21:54:25,348] 187 werkzeug - INFO -  * Debugger PIN: 369-540-303
[ 2024-08-04 21:54:29,015] 187 werkzeug - INFO - 127.0.0.1 - - [04/Aug/2024 21:54:29] "GET / HTTP/1.1" 200 -
[ 2024-08-04 21:56:46,918] 187 werkzeug - INFO - 127.0.0.1 - - [04/Aug/2024 21:56:46] "[32mPOST / HTTP/1.1[0m" 302 -
[ 2024-08-04 21:56:46,969] 187 werkzeug - INFO - 127.0.0.1 - - [04/Aug/2024 21:56:46] "GET /voiceservice.html HTTP/1.1" 200 -
[ 2024-08-04 21:57:14,200] 21 root - INFO - starting........
[ 2024-08-04 21:57:18,371] 36 root - INFO - Translating...
[ 2024-08-04 21:57:21,378] 38 root - INFO - Translating to English...
[ 2024-08-04 21:57:24,698] 21 root - INFO - starting........
[ 2024-08-04 21:57:28,866] 36 root - INFO - Translating...
[ 2024-08-04 21:57:29,980] 38 root - INFO - Translating to English...
[ 2024-08-04 21:57:33,233] 21 root - INFO - starting........
[ 2024-08-04 21:57:37,440] 36 root - INFO - Translating...
[ 2024-08-04 21:57:40,118] 38 root - INFO - Translating to English...
[ 2024-08-04 21:57:42,335] 21 root - INFO - starting........
[ 2024-08-04 21:57:46,503] 36 root - INFO - Translating...
[ 2024-08-04 21:57:47,695] 38 root - INFO - Translating to English...
[ 2024-08-04 21:59:20,715] 21 root - INFO - starting........
[ 2024-08-04 21:59:23,877] 36 root - INFO - Translating...
[ 2024-08-04 21:59:25,085] 38 root - INFO - Translating to English...
[ 2024-08-04 21:59:51,749] 21 root - INFO - starting........
[ 2024-08-04 21:59:54,995] 36 root - INFO - Translating...
[ 2024-08-04 21:59:56,006] 43 root - INFO - Sorry, could not understand audio.
[ 2024-08-04 21:59:59,656] 21 root - INFO - starting........
[ 2024-08-04 22:00:02,809] 36 root - INFO - Translating...
[ 2024-08-04 22:00:05,220] 43 root - INFO - Sorry, could not understand audio.
[ 2024-08-04 22:00:15,142] 187 werkzeug - INFO - 127.0.0.1 - - [04/Aug/2024 22:00:15] "[32mPOST /voiceservice.html HTTP/1.1[0m" 302 -
[ 2024-08-04 22:00:15,181] 187 werkzeug - INFO - 127.0.0.1 - - [04/Aug/2024 22:00:15] "GET /thanks.html HTTP/1.1" 200 -
