[ 2024-08-04 23:29:08,205] 187 werkzeug - INFO - [31m[1mWARNING: This is a development server. Do not use it in a production deployment. Use a production WSGI server instead.[0m
 * Running on all addresses (0.0.0.0)
 * Running on http://127.0.0.1:5000
 * Running on http://192.168.166.241:5000
[ 2024-08-04 23:29:08,206] 187 werkzeug - INFO - [33mPress CTRL+C to quit[0m
[ 2024-08-04 23:29:13,027] 187 werkzeug - INFO - 127.0.0.1 - - [04/Aug/2024 23:29:13] "GET /voiceservice.html HTTP/1.1" 200 -
[ 2024-08-04 23:29:34,192] 21 root - INFO - starting........
[ 2024-08-04 23:29:38,323] 36 root - INFO - Translating...
[ 2024-08-04 23:29:39,607] 38 root - INFO - Translating to English...
[ 2024-08-04 23:29:42,789] 21 root - INFO - starting........
[ 2024-08-04 23:29:46,911] 36 root - INFO - Translating...
[ 2024-08-04 23:29:49,855] 38 root - INFO - Translating to English...
[ 2024-08-04 23:29:52,994] 21 root - INFO - starting........
[ 2024-08-04 23:29:57,112] 36 root - INFO - Translating...
[ 2024-08-04 23:29:58,398] 38 root - INFO - Translating to English...
[ 2024-08-04 23:30:00,748] 21 root - INFO - starting........
[ 2024-08-04 23:30:04,866] 36 root - INFO - Translating...
[ 2024-08-04 23:30:06,042] 38 root - INFO - Translating to English...
[ 2024-08-04 23:31:22,800] 21 root - INFO - starting........
[ 2024-08-04 23:31:25,920] 36 root - INFO - Translating...
[ 2024-08-04 23:31:26,967] 43 root - INFO - Sorry, could not understand audio.
[ 2024-08-04 23:32:00,554] 21 root - INFO - starting........
[ 2024-08-04 23:32:03,666] 36 root - INFO - Translating...
[ 2024-08-04 23:32:05,079] 43 root - INFO - Sorry, could not understand audio.
[ 2024-08-04 23:33:08,143] 21 root - INFO - starting........
[ 2024-08-04 23:33:11,245] 36 root - INFO - Translating...
[ 2024-08-04 23:33:13,901] 43 root - INFO - Sorry, could not understand audio.
[ 2024-08-04 23:34:27,320] 21 root - INFO - starting........
[ 2024-08-04 23:34:30,433] 36 root - INFO - Translating...
[ 2024-08-04 23:34:33,151] 43 root - INFO - Sorry, could not understand audio.
[ 2024-08-04 23:35:41,350] 21 root - INFO - starting........
[ 2024-08-04 23:35:44,457] 36 root - INFO - Translating...
[ 2024-08-04 23:35:45,471] 43 root - INFO - Sorry, could not understand audio.
[ 2024-08-04 23:35:49,316] 21 root - INFO - starting........
[ 2024-08-04 23:35:52,423] 36 root - INFO - Translating...
[ 2024-08-04 23:35:53,583] 38 root - INFO - Translating to English...
[ 2024-08-04 23:35:58,691] 246 root - INFO - 'str' object has no attribute 'str'
[ 2024-08-04 23:36:02,699] 187 werkzeug - INFO - 127.0.0.1 - - [04/Aug/2024 23:36:02] "[32mPOST /voiceservice.html HTTP/1.1[0m" 302 -
[ 2024-08-04 23:36:02,711] 187 werkzeug - INFO - 127.0.0.1 - - [04/Aug/2024 23:36:02] "GET /thanks.html HTTP/1.1" 200 -
