[ 2024-08-05 00:50:30,507] 187 werkzeug - INFO - [31m[1mWARNING: This is a development server. Do not use it in a production deployment. Use a production WSGI server instead.[0m
 * Running on all addresses (0.0.0.0)
 * Running on http://127.0.0.1:5000
 * Running on http://192.168.166.241:5000
[ 2024-08-05 00:50:30,508] 187 werkzeug - INFO - [33mPress CTRL+C to quit[0m
[ 2024-08-05 00:50:33,879] 187 werkzeug - INFO - 127.0.0.1 - - [05/Aug/2024 00:50:33] "GET /voiceservice.html HTTP/1.1" 200 -
[ 2024-08-05 00:50:59,079] 21 root - INFO - starting........
[ 2024-08-05 00:51:03,213] 36 root - INFO - Translating...
[ 2024-08-05 00:51:04,106] 38 root - INFO - Translating to English...
[ 2024-08-05 00:51:06,871] 21 root - INFO - starting........
[ 2024-08-05 00:51:10,988] 36 root - INFO - Translating...
[ 2024-08-05 00:51:12,102] 38 root - INFO - Translating to English...
[ 2024-08-05 00:51:15,197] 21 root - INFO - starting........
[ 2024-08-05 00:51:19,311] 36 root - INFO - Translating...
[ 2024-08-05 00:51:20,407] 38 root - INFO - Translating to English...
[ 2024-08-05 00:51:22,431] 21 root - INFO - starting........
[ 2024-08-05 00:51:26,540] 36 root - INFO - Translating...
[ 2024-08-05 00:51:27,905] 38 root - INFO - Translating to English...
[ 2024-08-05 00:52:46,739] 21 root - INFO - starting........
[ 2024-08-05 00:52:49,851] 36 root - INFO - Translating...
[ 2024-08-05 00:52:50,785] 43 root - INFO - Sorry, could not understand audio.
[ 2024-08-05 00:53:23,807] 21 root - INFO - starting........
[ 2024-08-05 00:53:26,914] 36 root - INFO - Translating...
[ 2024-08-05 00:53:27,856] 43 root - INFO - Sorry, could not understand audio.
