[ 2024-08-04 23:19:59,232] 187 werkzeug - INFO - [31m[1mWARNING: This is a development server. Do not use it in a production deployment. Use a production WSGI server instead.[0m
 * Running on all addresses (0.0.0.0)
 * Running on http://127.0.0.1:5000
 * Running on http://192.168.166.241:5000
[ 2024-08-04 23:19:59,233] 187 werkzeug - INFO - [33mPress CTRL+C to quit[0m
[ 2024-08-04 23:20:07,663] 187 werkzeug - INFO - 127.0.0.1 - - [04/Aug/2024 23:20:07] "GET /voiceservice.html HTTP/1.1" 200 -
[ 2024-08-04 23:20:30,211] 21 root - INFO - starting........
[ 2024-08-04 23:20:34,347] 36 root - INFO - Translating...
[ 2024-08-04 23:20:35,557] 38 root - INFO - Translating to English...
[ 2024-08-04 23:20:38,191] 21 root - INFO - starting........
[ 2024-08-04 23:20:42,309] 36 root - INFO - Translating...
[ 2024-08-04 23:20:43,812] 38 root - INFO - Translating to English...
[ 2024-08-04 23:20:46,909] 21 root - INFO - starting........
[ 2024-08-04 23:20:51,028] 36 root - INFO - Translating...
[ 2024-08-04 23:20:52,730] 38 root - INFO - Translating to English...
[ 2024-08-04 23:20:54,801] 21 root - INFO - starting........
[ 2024-08-04 23:20:58,921] 36 root - INFO - Translating...
[ 2024-08-04 23:21:00,455] 38 root - INFO - Translating to English...
[ 2024-08-04 23:22:19,302] 21 root - INFO - starting........
[ 2024-08-04 23:22:22,418] 36 root - INFO - Translating...
[ 2024-08-04 23:22:23,430] 43 root - INFO - Sorry, could not understand audio.
[ 2024-08-04 23:22:57,356] 21 root - INFO - starting........
[ 2024-08-04 23:23:00,477] 36 root - INFO - Translating...
[ 2024-08-04 23:23:01,498] 43 root - INFO - Sorry, could not understand audio.
[ 2024-08-04 23:24:05,710] 21 root - INFO - starting........
[ 2024-08-04 23:24:08,823] 36 root - INFO - Translating...
[ 2024-08-04 23:24:09,905] 43 root - INFO - Sorry, could not understand audio.
[ 2024-08-04 23:25:25,743] 21 root - INFO - starting........
[ 2024-08-04 23:25:28,856] 36 root - INFO - Translating...
[ 2024-08-04 23:25:29,732] 43 root - INFO - Sorry, could not understand audio.
[ 2024-08-04 23:26:38,466] 21 root - INFO - starting........
[ 2024-08-04 23:26:41,578] 36 root - INFO - Translating...
[ 2024-08-04 23:26:42,538] 43 root - INFO - Sorry, could not understand audio.
[ 2024-08-04 23:26:45,782] 21 root - INFO - starting........
[ 2024-08-04 23:26:48,897] 36 root - INFO - Translating...
[ 2024-08-04 23:26:49,962] 38 root - INFO - Translating to English...
[ 2024-08-04 23:26:53,236] 245 root - INFO - 'str' object has no attribute 'str'
[ 2024-08-04 23:26:57,245] 187 werkzeug - INFO - 127.0.0.1 - - [04/Aug/2024 23:26:57] "[32mPOST /voiceservice.html HTTP/1.1[0m" 302 -
[ 2024-08-04 23:26:57,256] 187 werkzeug - INFO - 127.0.0.1 - - [04/Aug/2024 23:26:57] "GET /thanks.html HTTP/1.1" 200 -
