[ 2024-08-04 22:59:24,155] 187 werkzeug - INFO - [31m[1mWARNING: This is a development server. Do not use it in a production deployment. Use a production WSGI server instead.[0m
 * Running on all addresses (0.0.0.0)
 * Running on http://127.0.0.1:5000
 * Running on http://192.168.166.241:5000
[ 2024-08-04 22:59:24,155] 187 werkzeug - INFO - [33mPress CTRL+C to quit[0m
[ 2024-08-04 22:59:55,696] 187 werkzeug - INFO - 127.0.0.1 - - [04/Aug/2024 22:59:55] "GET /voiceservice.html HTTP/1.1" 200 -
[ 2024-08-04 23:00:18,753] 21 root - INFO - starting........
[ 2024-08-04 23:00:22,885] 36 root - INFO - Translating...
[ 2024-08-04 23:00:24,180] 38 root - INFO - Translating to English...
[ 2024-08-04 23:00:27,104] 21 root - INFO - starting........
[ 2024-08-04 23:00:31,224] 36 root - INFO - Translating...
[ 2024-08-04 23:00:32,461] 38 root - INFO - Translating to English...
[ 2024-08-04 23:00:35,578] 21 root - INFO - starting........
[ 2024-08-04 23:00:39,697] 36 root - INFO - Translating...
[ 2024-08-04 23:00:41,141] 38 root - INFO - Translating to English...
[ 2024-08-04 23:00:43,943] 21 root - INFO - starting........
[ 2024-08-04 23:00:48,057] 36 root - INFO - Translating...
[ 2024-08-04 23:00:49,597] 38 root - INFO - Translating to English...
[ 2024-08-04 23:02:10,384] 21 root - INFO - starting........
[ 2024-08-04 23:02:13,497] 36 root - INFO - Translating...
[ 2024-08-04 23:02:15,037] 38 root - INFO - Translating to English...
[ 2024-08-04 23:02:48,213] 21 root - INFO - starting........
[ 2024-08-04 23:02:51,324] 36 root - INFO - Translating...
[ 2024-08-04 23:02:52,381] 43 root - INFO - Sorry, could not understand audio.
[ 2024-08-04 23:03:54,935] 21 root - INFO - starting........
[ 2024-08-04 23:03:58,048] 36 root - INFO - Translating...
[ 2024-08-04 23:03:58,934] 38 root - INFO - Translating to English...
[ 2024-08-04 23:05:13,119] 21 root - INFO - starting........
[ 2024-08-04 23:05:16,222] 36 root - INFO - Translating...
[ 2024-08-04 23:05:17,392] 38 root - INFO - Translating to English...
[ 2024-08-04 23:06:21,628] 21 root - INFO - starting........
[ 2024-08-04 23:06:24,740] 36 root - INFO - Translating...
[ 2024-08-04 23:06:25,824] 43 root - INFO - Sorry, could not understand audio.
[ 2024-08-04 23:06:29,374] 21 root - INFO - starting........
[ 2024-08-04 23:06:32,506] 36 root - INFO - Translating...
[ 2024-08-04 23:06:33,602] 43 root - INFO - Sorry, could not understand audio.
[ 2024-08-04 23:06:36,413] 245 root - INFO - object of type 'NoneType' has no len()
[ 2024-08-04 23:06:40,420] 187 werkzeug - INFO - 127.0.0.1 - - [04/Aug/2024 23:06:40] "[32mPOST /voiceservice.html HTTP/1.1[0m" 302 -
[ 2024-08-04 23:06:40,437] 187 werkzeug - INFO - 127.0.0.1 - - [04/Aug/2024 23:06:40] "GET /thanks.html HTTP/1.1" 200 -
