[ 2024-08-04 23:53:59,792] 187 werkzeug - INFO - [31m[1mWARNING: This is a development server. Do not use it in a production deployment. Use a production WSGI server instead.[0m
 * Running on all addresses (0.0.0.0)
 * Running on http://127.0.0.1:5000
 * Running on http://192.168.166.241:5000
[ 2024-08-04 23:53:59,792] 187 werkzeug - INFO - [33mPress CTRL+C to quit[0m
[ 2024-08-04 23:54:10,645] 187 werkzeug - INFO - 127.0.0.1 - - [04/Aug/2024 23:54:10] "GET /voiceservice.html HTTP/1.1" 200 -
[ 2024-08-04 23:54:34,520] 21 root - INFO - starting........
[ 2024-08-04 23:54:38,658] 36 root - INFO - Translating...
[ 2024-08-04 23:54:39,919] 38 root - INFO - Translating to English...
[ 2024-08-04 23:54:42,980] 21 root - INFO - starting........
[ 2024-08-04 23:54:47,093] 36 root - INFO - Translating...
[ 2024-08-04 23:54:48,358] 38 root - INFO - Translating to English...
[ 2024-08-04 23:54:51,705] 21 root - INFO - starting........
[ 2024-08-04 23:54:55,824] 36 root - INFO - Translating...
[ 2024-08-04 23:54:57,025] 38 root - INFO - Translating to English...
[ 2024-08-04 23:54:59,419] 21 root - INFO - starting........
[ 2024-08-04 23:55:03,537] 36 root - INFO - Translating...
[ 2024-08-04 23:55:06,523] 38 root - INFO - Translating to English...
[ 2024-08-04 23:56:27,899] 21 root - INFO - starting........
[ 2024-08-04 23:56:31,008] 36 root - INFO - Translating...
[ 2024-08-04 23:56:32,070] 43 root - INFO - Sorry, could not understand audio.
[ 2024-08-04 23:57:08,281] 21 root - INFO - starting........
[ 2024-08-04 23:57:11,394] 36 root - INFO - Translating...
[ 2024-08-04 23:57:12,372] 43 root - INFO - Sorry, could not understand audio.
[ 2024-08-04 23:58:16,111] 21 root - INFO - starting........
[ 2024-08-04 23:58:19,223] 36 root - INFO - Translating...
[ 2024-08-04 23:58:20,255] 43 root - INFO - Sorry, could not understand audio.
[ 2024-08-04 23:59:35,074] 21 root - INFO - starting........
[ 2024-08-04 23:59:38,188] 36 root - INFO - Translating...
[ 2024-08-04 23:59:39,142] 43 root - INFO - Sorry, could not understand audio.
[ 2024-08-05 00:00:49,370] 21 root - INFO - starting........
[ 2024-08-05 00:00:52,481] 36 root - INFO - Translating...
[ 2024-08-05 00:00:53,412] 43 root - INFO - Sorry, could not understand audio.
[ 2024-08-05 00:00:57,212] 21 root - INFO - starting........
[ 2024-08-05 00:01:00,322] 36 root - INFO - Translating...
[ 2024-08-05 00:01:01,461] 38 root - INFO - Translating to English...
[ 2024-08-05 00:01:07,290] 247 root - INFO - 'NoneType' object has no attribute 'upper'
[ 2024-08-05 00:01:11,300] 187 werkzeug - INFO - 127.0.0.1 - - [05/Aug/2024 00:01:11] "[32mPOST /voiceservice.html HTTP/1.1[0m" 302 -
[ 2024-08-05 00:01:11,312] 187 werkzeug - INFO - 127.0.0.1 - - [05/Aug/2024 00:01:11] "GET /thanks.html HTTP/1.1" 200 -
