[ 2024-08-04 22:52:18,871] 187 werkzeug - INFO - [31m[1mWARNING: This is a development server. Do not use it in a production deployment. Use a production WSGI server instead.[0m
 * Running on all addresses (0.0.0.0)
 * Running on http://127.0.0.1:5000
 * Running on http://192.168.166.241:5000
[ 2024-08-04 22:52:18,871] 187 werkzeug - INFO - [33mPress CTRL+C to quit[0m
[ 2024-08-04 22:52:22,641] 187 werkzeug - INFO - 127.0.0.1 - - [04/Aug/2024 22:52:22] "GET /voiceservice.html HTTP/1.1" 200 -
[ 2024-08-04 22:52:45,903] 21 root - INFO - starting........
[ 2024-08-04 22:52:50,032] 36 root - INFO - Translating...
[ 2024-08-04 22:52:51,124] 38 root - INFO - Translating to English...
[ 2024-08-04 22:52:53,873] 21 root - INFO - starting........
[ 2024-08-04 22:52:57,982] 36 root - INFO - Translating...
[ 2024-08-04 22:52:59,012] 38 root - INFO - Translating to English...
[ 2024-08-04 22:53:02,399] 21 root - INFO - starting........
[ 2024-08-04 22:53:06,514] 36 root - INFO - Translating...
[ 2024-08-04 22:53:07,836] 38 root - INFO - Translating to English...
[ 2024-08-04 22:53:10,441] 21 root - INFO - starting........
[ 2024-08-04 22:53:14,552] 36 root - INFO - Translating...
[ 2024-08-04 22:53:16,134] 38 root - INFO - Translating to English...
[ 2024-08-04 22:54:41,134] 21 root - INFO - starting........
[ 2024-08-04 22:54:44,247] 36 root - INFO - Translating...
[ 2024-08-04 22:54:45,757] 38 root - INFO - Translating to English...
[ 2024-08-04 22:55:16,474] 21 root - INFO - starting........
[ 2024-08-04 22:55:20,588] 36 root - INFO - Translating...
[ 2024-08-04 22:55:23,515] 38 root - INFO - Translating to English...
[ 2024-08-04 22:55:25,993] 15 root - INFO - starting........
[ 2024-08-04 22:55:30,109] 30 root - INFO - Translating...
[ 2024-08-04 22:55:31,518] 32 root - INFO - Translating to English...
[ 2024-08-04 22:55:35,018] 15 root - INFO - starting........
[ 2024-08-04 22:55:39,132] 30 root - INFO - Translating...
[ 2024-08-04 22:55:41,871] 32 root - INFO - Translating to English...
[ 2024-08-04 22:55:46,873] 15 root - INFO - starting........
[ 2024-08-04 22:55:50,998] 30 root - INFO - Translating...
[ 2024-08-04 22:55:52,636] 32 root - INFO - Translating to English...
[ 2024-08-04 22:55:55,499] 15 root - INFO - starting........
[ 2024-08-04 22:55:59,609] 30 root - INFO - Translating...
[ 2024-08-04 22:56:00,955] 32 root - INFO - Translating to English...
[ 2024-08-04 22:56:35,321] 187 werkzeug - INFO - 127.0.0.1 - - [04/Aug/2024 22:56:35] "[32mPOST /voiceservice.html HTTP/1.1[0m" 302 -
[ 2024-08-04 22:56:35,410] 187 werkzeug - INFO - 127.0.0.1 - - [04/Aug/2024 22:56:35] "GET /thanks.html HTTP/1.1" 200 -
