[ 2024-08-05 08:59:10,478] 187 werkzeug - INFO - [31m[1mWARNING: This is a development server. Do not use it in a production deployment. Use a production WSGI server instead.[0m
 * Running on all addresses (0.0.0.0)
 * Running on http://127.0.0.1:5000
 * Running on http://192.168.166.241:5000
[ 2024-08-05 08:59:10,478] 187 werkzeug - INFO - [33mPress CTRL+C to quit[0m
[ 2024-08-05 08:59:10,718] 187 werkzeug - INFO - 127.0.0.1 - - [05/Aug/2024 08:59:10] "GET /voiceservice.html HTTP/1.1" 200 -
[ 2024-08-05 08:59:34,407] 21 root - INFO - starting........
[ 2024-08-05 08:59:38,592] 36 root - INFO - Translating...
[ 2024-08-05 08:59:40,150] 38 root - INFO - Translating to English...
[ 2024-08-05 08:59:43,243] 21 root - INFO - starting........
[ 2024-08-05 08:59:47,361] 36 root - INFO - Translating...
[ 2024-08-05 08:59:48,789] 38 root - INFO - Translating to English...
[ 2024-08-05 08:59:51,995] 21 root - INFO - starting........
[ 2024-08-05 08:59:56,118] 36 root - INFO - Translating...
[ 2024-08-05 08:59:57,433] 38 root - INFO - Translating to English...
[ 2024-08-05 09:00:00,194] 21 root - INFO - starting........
[ 2024-08-05 09:00:04,312] 36 root - INFO - Translating...
[ 2024-08-05 09:00:05,558] 38 root - INFO - Translating to English...
[ 2024-08-05 09:01:27,498] 21 root - INFO - starting........
[ 2024-08-05 09:01:30,612] 36 root - INFO - Translating...
[ 2024-08-05 09:01:31,990] 38 root - INFO - Translating to English...
