[ 2024-08-04 23:40:04,990] 187 werkzeug - INFO - [31m[1mWARNING: This is a development server. Do not use it in a production deployment. Use a production WSGI server instead.[0m
 * Running on all addresses (0.0.0.0)
 * Running on http://127.0.0.1:5000
 * Running on http://192.168.166.241:5000
[ 2024-08-04 23:40:04,990] 187 werkzeug - INFO - [33mPress CTRL+C to quit[0m
[ 2024-08-04 23:40:09,669] 187 werkzeug - INFO - 127.0.0.1 - - [04/Aug/2024 23:40:09] "GET /voiceservice.html HTTP/1.1" 200 -
[ 2024-08-04 23:40:31,942] 21 root - INFO - starting........
[ 2024-08-04 23:40:36,076] 36 root - INFO - Translating...
[ 2024-08-04 23:40:37,360] 38 root - INFO - Translating to English...
[ 2024-08-04 23:40:42,109] 21 root - INFO - starting........
[ 2024-08-04 23:40:46,231] 36 root - INFO - Translating...
[ 2024-08-04 23:40:47,437] 38 root - INFO - Translating to English...
[ 2024-08-04 23:40:50,833] 21 root - INFO - starting........
[ 2024-08-04 23:40:54,950] 36 root - INFO - Translating...
[ 2024-08-04 23:40:56,239] 38 root - INFO - Translating to English...
[ 2024-08-04 23:40:58,444] 21 root - INFO - starting........
[ 2024-08-04 23:41:02,559] 36 root - INFO - Translating...
[ 2024-08-04 23:41:03,870] 38 root - INFO - Translating to English...
[ 2024-08-04 23:42:20,465] 21 root - INFO - starting........
[ 2024-08-04 23:42:23,572] 36 root - INFO - Translating...
[ 2024-08-04 23:42:24,585] 43 root - INFO - Sorry, could not understand audio.
[ 2024-08-04 23:42:58,346] 21 root - INFO - starting........
[ 2024-08-04 23:43:01,453] 36 root - INFO - Translating...
[ 2024-08-04 23:43:02,539] 43 root - INFO - Sorry, could not understand audio.
[ 2024-08-04 23:44:08,314] 21 root - INFO - starting........
[ 2024-08-04 23:44:11,427] 36 root - INFO - Translating...
[ 2024-08-04 23:44:12,421] 43 root - INFO - Sorry, could not understand audio.
[ 2024-08-04 23:45:28,072] 21 root - INFO - starting........
[ 2024-08-04 23:45:31,199] 36 root - INFO - Translating...
[ 2024-08-04 23:45:32,154] 43 root - INFO - Sorry, could not understand audio.
[ 2024-08-04 23:46:37,658] 21 root - INFO - starting........
[ 2024-08-04 23:46:40,767] 36 root - INFO - Translating...
[ 2024-08-04 23:46:43,536] 43 root - INFO - Sorry, could not understand audio.
[ 2024-08-04 23:46:46,776] 21 root - INFO - starting........
[ 2024-08-04 23:46:49,884] 36 root - INFO - Translating...
[ 2024-08-04 23:46:50,952] 38 root - INFO - Translating to English...
[ 2024-08-04 23:46:54,214] 246 root - INFO - 'NoneType' object has no attribute 'upper'
[ 2024-08-04 23:46:58,229] 187 werkzeug - INFO - 127.0.0.1 - - [04/Aug/2024 23:46:58] "[32mPOST /voiceservice.html HTTP/1.1[0m" 302 -
[ 2024-08-04 23:46:58,240] 187 werkzeug - INFO - 127.0.0.1 - - [04/Aug/2024 23:46:58] "GET /thanks.html HTTP/1.1" 200 -
